// Jest Snapshot v1, https://goo.gl/fbAQLP

exports[`Calculator renders the entity consistently 1`] = `
<a-entity
  className="interactive calculator"
  id="text-box"
>
  <a-entity />
  <a-entity>
    <a-entity />
    <a-entity />
    <a-entity />
    <a-entity />
    <a-entity />
    <a-entity />
    <a-entity />
    <a-entity />
    <a-entity />
    <a-entity />
    <a-entity />
    <a-entity />
    <a-entity />
    <a-entity />
    <a-entity />
    <a-entity />
    <a-entity />
    <a-entity />
    <a-entity />
    <a-entity />
    <a-entity />
    <a-entity />
    <a-entity />
    <a-entity />
    <a-entity />
    <a-entity />
    <a-entity />
    <a-entity />
    <a-entity />
    <a-entity />
    <a-entity />
    <a-entity />
    <a-entity />
    <a-entity />
  </a-entity>
</a-entity>
`;
